// Jest Snapshot v1, https://goo.gl/fbAQLP

exports[`Main component renders the component 1`] = `
Object {
  "asFragment": [Function],
  "baseElement": <body>
    <div>
      <div
        class="sc-bdVaJa cGTIuu"
        data-testid="movie-card"
      >
        <a
          href="/"
        >
          <button
            class="sc-bxivhb bTfZfQ back-arrow-icon"
          >
            Back to home
          </button>
        </a>
        <div
          alt="A New Hope"
          class="sc-bwzfXH fHgHwc starwarts-movie-image-4"
          data-testid="movie-image"
          title="A New Hope"
        />
        <h1
          class="sc-ifAKCX IWCJz"
          data-testid="movie-title"
        >
          A New Hope
        </h1>
        <div
          class="sc-htpNat jxLqNZ"
        >
          Director: 
          <span
            data-testid="movie-director"
          >
            George Lucas
          </span>
        </div>
        <div
          class="sc-htpNat jxLqNZ"
        >
          Producers: 
          <span
            data-testid="movie-producers"
          >
            Gary Kurtz, Rick McCallum
          </span>
        </div>
        <div
          class="sc-htpNat jxLqNZ"
        >
          Release date:
          <span
            data-testid="movie-release-date"
          >
            25/05/1977
          </span>
        </div>
      </div>
    </div>
  </body>,
  "container": <div>
    <div
      class="sc-bdVaJa cGTIuu"
      data-testid="movie-card"
    >
      <a
        href="/"
      >
        <button
          class="sc-bxivhb bTfZfQ back-arrow-icon"
        >
          Back to home
        </button>
      </a>
      <div
        alt="A New Hope"
        class="sc-bwzfXH fHgHwc starwarts-movie-image-4"
        data-testid="movie-image"
        title="A New Hope"
      />
      <h1
        class="sc-ifAKCX IWCJz"
        data-testid="movie-title"
      >
        A New Hope
      </h1>
      <div
        class="sc-htpNat jxLqNZ"
      >
        Director: 
        <span
          data-testid="movie-director"
        >
          George Lucas
        </span>
      </div>
      <div
        class="sc-htpNat jxLqNZ"
      >
        Producers: 
        <span
          data-testid="movie-producers"
        >
          Gary Kurtz, Rick McCallum
        </span>
      </div>
      <div
        class="sc-htpNat jxLqNZ"
      >
        Release date:
        <span
          data-testid="movie-release-date"
        >
          25/05/1977
        </span>
      </div>
    </div>
  </div>,
  "debug": [Function],
  "findAllByAltText": [Function],
  "findAllByDisplayValue": [Function],
  "findAllByLabelText": [Function],
  "findAllByPlaceholderText": [Function],
  "findAllByRole": [Function],
  "findAllByTestId": [Function],
  "findAllByText": [Function],
  "findAllByTitle": [Function],
  "findByAltText": [Function],
  "findByDisplayValue": [Function],
  "findByLabelText": [Function],
  "findByPlaceholderText": [Function],
  "findByRole": [Function],
  "findByTestId": [Function],
  "findByText": [Function],
  "findByTitle": [Function],
  "getAllByAltText": [Function],
  "getAllByDisplayValue": [Function],
  "getAllByLabelText": [Function],
  "getAllByPlaceholderText": [Function],
  "getAllByRole": [Function],
  "getAllByTestId": [Function],
  "getAllByText": [Function],
  "getAllByTitle": [Function],
  "getByAltText": [Function],
  "getByDisplayValue": [Function],
  "getByLabelText": [Function],
  "getByPlaceholderText": [Function],
  "getByRole": [Function],
  "getByTestId": [Function],
  "getByText": [Function],
  "getByTitle": [Function],
  "queryAllByAltText": [Function],
  "queryAllByDisplayValue": [Function],
  "queryAllByLabelText": [Function],
  "queryAllByPlaceholderText": [Function],
  "queryAllByRole": [Function],
  "queryAllByTestId": [Function],
  "queryAllByText": [Function],
  "queryAllByTitle": [Function],
  "queryByAltText": [Function],
  "queryByDisplayValue": [Function],
  "queryByLabelText": [Function],
  "queryByPlaceholderText": [Function],
  "queryByRole": [Function],
  "queryByTestId": [Function],
  "queryByText": [Function],
  "queryByTitle": [Function],
  "rerender": [Function],
  "unmount": [Function],
}
`;
